Compiling lib\main.dart for the Web...                          
flutter : Wasm dry run succeeded. Consider building and testing your application with the `--wasm` flag. See docs for 
more info: https://docs.flutter.dev/platform-integration/web/wasm
At line:1 char:1
+ flutter build web > build_output.txt 2>&1
+ ~~~~~~~~~~~~~~~~~~~~~~~~~~~~~~~~~~~~~~~~~
    + CategoryInfo          : NotSpecified: (Wasm dry run su...ration/web/wasm:String) [], RemoteException
    + FullyQualifiedErrorId : NativeCommandError
 
Use --no-wasm-dry-run to disable these warnings.
Target dart2js failed: ProcessException: Process exited abnormally with exit code 1:
lib/features/backoffice/presentation/providers/backoffice_providers.dart:3:8:
Error: Error when reading 'lib/core/services/backendless_data_service.dart': Error reading 
'lib/core/services/backendless_data_service.dart'  (The system cannot find the file specified)
import '../../../../core/services/backendless_data_service.dart';
       ^
lib/features/backoffice/presentation/providers/backoffice_providers.dart:39:23:
Error: Method not found: 'BackendlessDataService'.
  final dataService = BackendlessDataService();
                      ^^^^^^^^^^^^^^^^^^^^^^
lib/features/backoffice/presentation/providers/backoffice_providers.dart:56:42:
Error: The getter 'brand' isn't defined for the type 'Meter'.
 - 'Meter' is from 'package:files/features/meters/domain/meter.dart' ('lib/features/meters/domain/meter.dart').
      final brands = meters.map((m) => m.brand).where((b) => b.isNotEmpty).toSet();
                                         ^^^^^
lib/features/backoffice/presentation/providers/backoffice_providers.dart:66:14:
Error: A value of type '({Set<dynamic> brands, Set<String> findingsKeywords, Set<MeterStatus> statuses})' can't be 
returned from a function with return type '({Set<String> brands, Set<String> findingsKeywords, Set<MeterStatus> 
statuses})'.
 - 'Set' is from 'dart:core'.
 - 'MeterStatus' is from 'package:files/features/meters/domain/meter.dart' ('lib/features/meters/domain/meter.dart').
      return (
             ^
lib/features/backoffice/presentation/providers/backoffice_providers.dart:105:66:
Error: The getter 'brand' isn't defined for the type 'Meter'.
 - 'Meter' is from 'package:files/features/meters/domain/meter.dart' ('lib/features/meters/domain/meter.dart').
        filtered = filtered.where((m) => brandFilters.contains(m.brand)).toList();
                                                                 ^^^^^
lib/features/backoffice/presentation/providers/backoffice_providers.dart:179:23:
Error: Method not found: 'BackendlessDataService'.
  final dataService = BackendlessDataService();
                      ^^^^^^^^^^^^^^^^^^^^^^
lib/features/backoffice/presentation/providers/backoffice_providers.dart:281:25:
Error: Method not found: 'BackendlessDataService'.
    final dataService = BackendlessDataService();
                        ^^^^^^^^^^^^^^^^^^^^^^
lib/features/backoffice/presentation/providers/backoffice_providers.dart:290:25:
Error: Method not found: 'BackendlessDataService'.
    final dataService = BackendlessDataService();
                        ^^^^^^^^^^^^^^^^^^^^^^
lib/features/backoffice/presentation/widgets/backoffice_layout.dart:79:22:
Error: Member not found: 'analyticalReports'.
      BackofficePage.analyticalReports => const BillingAnalyticalReportsPage(),
                     ^^^^^^^^^^^^^^^^^
lib/features/backoffice/presentation/widgets/backoffice_layout.dart:80:22:
Error: Member not found: 'revenueAnalysisReport'.
      BackofficePage.revenueAnalysisReport => const RevenueAnalysisReportPage(),
                     ^^^^^^^^^^^^^^^^^^^^^
lib/features/backoffice/presentation/widgets/backoffice_topbar.dart:40:24:
Error: Member not found: 'analyticalReports'.
        BackofficePage.analyticalReports => 'Analytical Reports',
                       ^^^^^^^^^^^^^^^^^
lib/features/backoffice/presentation/widgets/backoffice_topbar.dart:41:24:
Error: Member not found: 'revenueAnalysisReport'.
        BackofficePage.revenueAnalysisReport => 'Revenue Analysis Report',
                       ^^^^^^^^^^^^^^^^^^^^^
lib/features/backoffice/presentation/pages/billing_dashboard_page.dart:165:26:
Error: The getter 'billingAccountsAsyncProvider' isn't defined for the type '_BillingHeader'.
 - '_BillingHeader' is from 'package:files/features/backoffice/presentation/pages/billing_dashboard_page.dart' 
('lib/features/backoffice/presentation/pages/billing_dashboard_page.dart').
          ref.invalidate(billingAccountsAsyncProvider);
                         ^^^^^^^^^^^^^^^^^^^^^^^^^^^^
lib/features/backoffice/presentation/pages/billing_dashboard_page.dart:605:82:
Error: Member not found: 'analyticalReports'.
                ref.read(backofficePageProvider.notifier).state = BackofficePage.analyticalReports;
                                                                                 ^^^^^^^^^^^^^^^^^
lib/features/backoffice/presentation/pages/billing_dashboard_page.dart:1345:77:
Error: A value of type 'BillingAccount' can't be assigned to a variable of type 'Map<String, String>?'.
 - 'BillingAccount' is from 'package:files/features/backoffice/domain/billing_account.dart' 
('lib/features/backoffice/domain/billing_account.dart').
 - 'Map' is from 'dart:core'.
                  ref.read(selectedBillingAccountProvider.notifier).state = data;
                                                                            ^
lib/features/backoffice/presentation/pages/billing_dashboard_page.dart:1183:67:
Error: A value of type 'BillingAccount' can't be assigned to a variable of type 'Map<String, String>?'.
 - 'BillingAccount' is from 'package:files/features/backoffice/domain/billing_account.dart' 
('lib/features/backoffice/domain/billing_account.dart').
 - 'Map' is from 'dart:core'.
        ref.read(selectedBillingAccountProvider.notifier).state = data;
                                                                  ^
lib/features/backoffice/presentation/pages/billing_dashboard_page.dart:2035:44:
Error: Undefined name 'billingAccountsAsyncProvider'.
                            ref.invalidate(billingAccountsAsyncProvider);
                                           ^^^^^^^^^^^^^^^^^^^^^^^^^^^^
lib/features/backoffice/presentation/pages/billing_account_details_page.dart:16:59:
Error: The getter 'account' isn't defined for the type 'Map<String, String>'.
 - 'Map' is from 'dart:core'.
        ? ref.watch(billingAccountHistoryProvider(account.account))
                                                          ^^^^^^^
lib/features/backoffice/presentation/pages/billing_account_details_page.dart:16:21:
Error: The method 'billingAccountHistoryProvider' isn't defined for the type 'BillingAccountDetailsPage'.
 - 'BillingAccountDetailsPage' is from 
'package:files/features/backoffice/presentation/pages/billing_account_details_page.dart' 
('lib/features/backoffice/presentation/pages/billing_account_details_page.dart').
        ? ref.watch(billingAccountHistoryProvider(account.account))
                    ^^^^^^^^^^^^^^^^^^^^^^^^^^^^^
lib/features/backoffice/presentation/pages/billing_account_details_page.dart:37:28:
Error: The getter 'status' isn't defined for the type 'Map<String, String>'.
 - 'Map' is from 'dart:core'.
    final status = account.status;
                           ^^^^^^
lib/features/backoffice/presentation/pages/billing_account_details_page.dart:83:29:
Error: The getter 'initials' isn't defined for the type 'Map<String, String>'.
 - 'Map' is from 'dart:core'.
                    account.initials,
                            ^^^^^^^^
lib/features/backoffice/presentation/pages/billing_account_details_page.dart:89:27:
Error: The getter 'name' isn't defined for the type 'Map<String, String>'.
 - 'Map' is from 'dart:core'.
                  account.name,
                          ^^^^
lib/features/backoffice/presentation/pages/billing_account_details_page.dart:116:43:
Error: The getter 'tariff' isn't defined for the type 'Map<String, String>'.
 - 'Map' is from 'dart:core'.
                      child: Text(account.tariff, style: const TextStyle(fontSize: 10, fontWeight: FontWeight.w700, 
color: Color(0xFF475569), letterSpacing: 0.5)),
                                          ^^^^^^
lib/features/backoffice/presentation/pages/billing_account_details_page.dart:145:40:
Error: The getter 'balance' isn't defined for the type 'Map<String, String>'.
 - 'Map' is from 'dart:core'.
                        'GHS ${account.balance}',
                                       ^^^^^^^
lib/features/backoffice/presentation/pages/billing_account_details_page.dart:151:65:
Error: The getter 'totalAmount' isn't defined for the type 'Map<String, String>'.
 - 'Map' is from 'dart:core'.
                      _detailRow('Total Amount', 'GHS ${account.totalAmount}'),
                                                                ^^^^^^^^^^^
lib/features/backoffice/presentation/pages/billing_account_details_page.dart:153:64:
Error: The getter 'amountPaid' isn't defined for the type 'Map<String, String>'.
 - 'Map' is from 'dart:core'.
                      _detailRow('Amount Paid', 'GHS ${account.amountPaid}'),
                                                               ^^^^^^^^^^
lib/features/backoffice/presentation/pages/billing_account_details_page.dart:155:56:
Error: The getter 'createdAt' isn't defined for the type 'Map<String, String>'.
 - 'Map' is from 'dart:core'.
                      _detailRow('Created At', account.createdAt),
                                                       ^^^^^^^^^
lib/features/backoffice/presentation/pages/billing_account_details_page.dart:157:60:
Error: The getter 'scheduled' isn't defined for the type 'Map<String, String>'.
 - 'Map' is from 'dart:core'.
                      _detailRow('Date Scheduled', account.scheduled),
                                                           ^^^^^^^^^
lib/features/backoffice/presentation/pages/billing_account_details_page.dart:159:62:
Error: The getter 'importedAt' isn't defined for the type 'Map<String, String>'.
 - 'Map' is from 'dart:core'.
                      _detailRow('File import Date', account.importedAt != null ? 
'${account.importedAt!.day}/${account.importedAt!.month}/${account.importedAt!.year}' : 'â€”'),
                                                             ^^^^^^^^^^
lib/features/backoffice/presentation/pages/billing_account_details_page.dart:159:94:
Error: The getter 'importedAt' isn't defined for the type 'Map<String, String>'.
 - 'Map' is from 'dart:core'.
                      _detailRow('File import Date', account.importedAt != null ? 
'${account.importedAt!.day}/${account.importedAt!.month}/${account.importedAt!.year}' : 'â€”'),
                                                                                          ^^^^^^^^^^
lib/features/backoffice/presentation/pages/billing_account_details_page.dart:159:121:
Error: The getter 'importedAt' isn't defined for the type 'Map<String, String>'.
 - 'Map' is from 'dart:core'.
                      _detailRow('File import Date', account.importedAt != null ? 
'${account.importedAt!.day}/${account.importedAt!.month}/${account.importedAt!.year}' : 'â€”'),
                                                                                          ^^^^^^^^^^
lib/features/backoffice/presentation/pages/billing_account_details_page.dart:159:150:
Error: The getter 'importedAt' isn't defined for the type 'Map<String, String>'.
 - 'Map' is from 'dart:core'.
                      _detailRow('File import Date', account.importedAt != null ? 
'${account.importedAt!.day}/${account.importedAt!.month}/${account.importedAt!.year}' : 'â€”'),
                                                                                          ^^^^^^^^^^
lib/features/backoffice/presentation/pages/billing_account_details_page.dart:183:45:
Error: The getter 'meter' isn't defined for the type 'Map<String, String>'.
 - 'Map' is from 'dart:core'.
                        child: Text(account.meter, style: const TextStyle(fontFamily: 'monospace', fontSize: 20, 
fontWeight: FontWeight.w900, color: AppTheme.primary)),
                                            ^^^^^
lib/features/backoffice/presentation/pages/billing_account_details_page.dart:186:57:
Error: The getter 'account' isn't defined for the type 'Map<String, String>'.
 - 'Map' is from 'dart:core'.
                      _detailRow('Account No.', account.account),
                                                        ^^^^^^^
lib/features/backoffice/presentation/pages/billing_account_details_page.dart:188:63:
Error: The getter 'consumption' isn't defined for the type 'Map<String, String>'.
 - 'Map' is from 'dart:core'.
                      _detailRow('Consumption (kWh)', account.consumption),
                                                              ^^^^^^^^^^^
lib/features/backoffice/presentation/pages/billing_account_details_page.dart:190:56:
Error: The getter 'fraudStatus' isn't defined for the type 'Map<String, String>'.
 - 'Map' is from 'dart:core'.
                      _detailRow('Fraud Type', account.fraudStatus),
                                                       ^^^^^^^^^^^
lib/features/backoffice/presentation/pages/billing_account_details_page.dart:192:63:
Error: The getter 'fraudBillStatus' isn't defined for the type 'Map<String, String>'.
 - 'Map' is from 'dart:core'.
                      _detailRow('Fraud Bill Status', account.fraudBillStatus),
                                                              ^^^^^^^^^^^^^^^
lib/features/backoffice/presentation/pages/billing_account_details_page.dart:269:51:
Error: The getter 'fraudBillStatus' isn't defined for the type 'Map<String, String>'.
 - 'Map' is from 'dart:core'.
                          Text('STATUS: ${account.fraudBillStatus.toUpperCase()}', style: const TextStyle(fontSize: 
10, fontWeight: FontWeight.w900, color: Color(0xFF726200))),
                                                  ^^^^^^^^^^^^^^^
lib/features/backoffice/presentation/pages/billing_account_details_page.dart:279:41:
Error: The getter 'fraudBillStatus' isn't defined for the type 'Map<String, String>'.
 - 'Map' is from 'dart:core'.
                    final fbs = account.fraudBillStatus.toLowerCase();
                                        ^^^^^^^^^^^^^^^
lib/features/backoffice/presentation/pages/billing_edit_account_page.dart:38:54:
Error: The getter 'name' isn't defined for the type 'Map<String, String>'.
 - 'Map' is from 'dart:core'.
    _nameCtrl = TextEditingController(text: account?.name ?? '');
                                                     ^^^^
lib/features/backoffice/presentation/pages/billing_edit_account_page.dart:39:55:
Error: The getter 'meter' isn't defined for the type 'Map<String, String>'.
 - 'Map' is from 'dart:core'.
    _meterCtrl = TextEditingController(text: account?.meter ?? '');
                                                      ^^^^^
lib/features/backoffice/presentation/pages/billing_edit_account_page.dart:40:57:
Error: The getter 'account' isn't defined for the type 'Map<String, String>'.
 - 'Map' is from 'dart:core'.
    _accountCtrl = TextEditingController(text: account?.account ?? '');
                                                        ^^^^^^^
lib/features/backoffice/presentation/pages/billing_edit_account_page.dart:41:61:
Error: The getter 'consumption' isn't defined for the type 'Map<String, String>'.
 - 'Map' is from 'dart:core'.
    _consumptionCtrl = TextEditingController(text: account?.consumption ?? '');
                                                            ^^^^^^^^^^^
lib/features/backoffice/presentation/pages/billing_edit_account_page.dart:45:37:
Error: The getter 'balance' isn't defined for the type 'Map<String, String>'.
 - 'Map' is from 'dart:core'.
    final currentBalance = account?.balance ?? '0.00';
                                    ^^^^^^^
lib/features/backoffice/presentation/pages/billing_edit_account_page.dart:47:61:
Error: The getter 'totalAmount' isn't defined for the type 'Map<String, String>'.
 - 'Map' is from 'dart:core'.
    _totalAmountCtrl = TextEditingController(text: account?.totalAmount ?? '0');
                                                            ^^^^^^^^^^^
lib/features/backoffice/presentation/pages/billing_edit_account_page.dart:48:63:
Error: The getter 'scheduled' isn't defined for the type 'Map<String, String>'.
 - 'Map' is from 'dart:core'.
    _scheduledDateCtrl = TextEditingController(text: account?.scheduled ?? '');
                                                              ^^^^^^^^^
lib/features/backoffice/presentation/pages/billing_edit_account_page.dart:49:61:
Error: The getter 'createdAt' isn't defined for the type 'Map<String, String>'.
 - 'Map' is from 'dart:core'.
    _createdDateCtrl = TextEditingController(text: account?.createdAt ?? '');
                                                            ^^^^^^^^^
lib/features/backoffice/presentation/pages/billing_edit_account_page.dart:50:61:
Error: The getter 'fraudStatus' isn't defined for the type 'Map<String, String>'.
 - 'Map' is from 'dart:core'.
    _fraudStatusCtrl = TextEditingController(text: account?.fraudStatus ?? 'Normal');
                                                            ^^^^^^^^^^^
lib/features/backoffice/presentation/pages/billing_edit_account_page.dart:51:57:
Error: The getter 'address' isn't defined for the type 'Map<String, String>'.
 - 'Map' is from 'dart:core'.
    _addressCtrl = TextEditingController(text: account?.address ?? 'â€”');
                                                        ^^^^^^^
lib/features/backoffice/presentation/pages/billing_edit_account_page.dart:53:32:
Error: The getter 'status' isn't defined for the type 'Map<String, String>'.
 - 'Map' is from 'dart:core'.
    _selectedStatus = account?.status ?? 'Pending';
                               ^^^^^^
lib/features/backoffice/presentation/pages/billing_edit_account_page.dart:54:32:
Error: The getter 'tariff' isn't defined for the type 'Map<String, String>'.
 - 'Map' is from 'dart:core'.
    _selectedTariff = account?.tariff ?? 'Residential';
                               ^^^^^^
lib/features/backoffice/presentation/pages/billing_edit_account_page.dart:85:35:
Error: The argument type 'Map<String, String>' can't be assigned to the parameter type 'BillingAccount'.
 - 'Map' is from 'dart:core'.
 - 'BillingAccount' is from 'package:files/features/backoffice/domain/billing_account.dart' 
('lib/features/backoffice/domain/billing_account.dart').
            _buildHeader(context, account),
                                  ^
lib/features/backoffice/presentation/pages/billing_edit_account_page.dart:95:42:
Error: The argument type 'Map<String, String>' can't be assigned to the parameter type 'BillingAccount'.
 - 'Map' is from 'dart:core'.
 - 'BillingAccount' is from 'package:files/features/backoffice/domain/billing_account.dart' 
('lib/features/backoffice/domain/billing_account.dart').
                      _buildIdentityCard(account),
                                         ^
lib/features/backoffice/presentation/pages/billing_edit_account_page.dart:228:34:
Error: The getter 'billingAccountsAsyncProvider' isn't defined for the type '_BillingEditAccountPageState'.
 - '_BillingEditAccountPageState' is from 
'package:files/features/backoffice/presentation/pages/billing_edit_account_page.dart' 
('lib/features/backoffice/presentation/pages/billing_edit_account_page.dart').
                  ref.invalidate(billingAccountsAsyncProvider);
                                 ^^^^^^^^^^^^^^^^^^^^^^^^^^^^
lib/features/backoffice/presentation/pages/billing_edit_account_page.dart:230:77:
Error: A value of type 'BillingAccount' can't be assigned to a variable of type 'Map<String, String>?'.
 - 'BillingAccount' is from 'package:files/features/backoffice/domain/billing_account.dart' 
('lib/features/backoffice/domain/billing_account.dart').
 - 'Map' is from 'dart:core'.
                  ref.read(selectedBillingAccountProvider.notifier).state = updatedAccount;
                                                                            ^
lib/features/backoffice/presentation/pages/billing_status_history_page.dart:38:27:
Error: The getter 'name' isn't defined for the type 'Map<String, String>'.
 - 'Map' is from 'dart:core'.
    final name = account?.name ?? 'Unknown Account';
                          ^^^^
lib/features/backoffice/presentation/pages/billing_status_history_page.dart:40:59:
Error: The getter 'account' isn't defined for the type 'Map<String, String>'.
 - 'Map' is from 'dart:core'.
        ? ref.watch(billingAccountHistoryProvider(account.account))
                                                          ^^^^^^^
lib/features/backoffice/presentation/pages/billing_status_history_page.dart:40:21:
Error: The method 'billingAccountHistoryProvider' isn't defined for the type 'BillingStatusHistoryPage'.
 - 'BillingStatusHistoryPage' is from 
'package:files/features/backoffice/presentation/pages/billing_status_history_page.dart' 
('lib/features/backoffice/presentation/pages/billing_status_history_page.dart').
        ? ref.watch(billingAccountHistoryProvider(account.account))
                    ^^^^^^^^^^^^^^^^^^^^^^^^^^^^^
lib/features/backoffice/presentation/pages/billing_schedule_page.dart:31:29:
Error: The getter 'balance' isn't defined for the type 'Map<String, String>'.
 - 'Map' is from 'dart:core'.
        final bal = account.balance.replaceAll('GHS ', '').replaceAll(',', '');
                            ^^^^^^^
lib/features/backoffice/presentation/pages/billing_schedule_page.dart:131:44:
Error: The argument type 'Map<String, String>' can't be assigned to the parameter type 'BillingAccount'.
 - 'Map' is from 'dart:core'.
 - 'BillingAccount' is from 'package:files/features/backoffice/domain/billing_account.dart' 
('lib/features/backoffice/domain/billing_account.dart').
                  child: _buildFormSection(account),
                                           ^
lib/features/backoffice/presentation/pages/billing_schedule_page.dart:137:47:
Error: The argument type 'Map<String, String>' can't be assigned to the parameter type 'BillingAccount'.
 - 'Map' is from 'dart:core'.
 - 'BillingAccount' is from 'package:files/features/backoffice/domain/billing_account.dart' 
('lib/features/backoffice/domain/billing_account.dart').
                  child: _buildContextSidebar(account),
                                              ^
lib/features/backoffice/presentation/pages/billing_analytical_reports_page.dart:20:36:
Error: The getter 'billingRevenueStatsProvider' isn't defined for the type 'BillingAnalyticalReportsPage'.
 - 'BillingAnalyticalReportsPage' is from 
'package:files/features/backoffice/presentation/pages/billing_analytical_reports_page.dart' 
('lib/features/backoffice/presentation/pages/billing_analytical_reports_page.dart').
    final revenueStats = ref.watch(billingRevenueStatsProvider);
                                   ^^^^^^^^^^^^^^^^^^^^^^^^^^^
lib/features/backoffice/presentation/pages/billing_analytical_reports_page.dart:146:36:
Error: Member not found: 'revenueAnalysisReport'.
                    BackofficePage.revenueAnalysisReport;
                                   ^^^^^^^^^^^^^^^^^^^^^
lib/features/backoffice/presentation/pages/billing_analytical_reports_page.dart:212:36:
Error: The getter 'fraudDistributionProvider' isn't defined for the type 'BillingAnalyticalReportsPage'.
 - 'BillingAnalyticalReportsPage' is from 
'package:files/features/backoffice/presentation/pages/billing_analytical_reports_page.dart' 
('lib/features/backoffice/presentation/pages/billing_analytical_reports_page.dart').
    final distribution = ref.watch(fraudDistributionProvider);
                                   ^^^^^^^^^^^^^^^^^^^^^^^^^
lib/features/backoffice/presentation/pages/billing_analytical_reports_page.dart:271:36:
Error: The getter 'billingStatusDistributionProvider' isn't defined for the type 'BillingAnalyticalReportsPage'.
 - 'BillingAnalyticalReportsPage' is from 
'package:files/features/backoffice/presentation/pages/billing_analytical_reports_page.dart' 
('lib/features/backoffice/presentation/pages/billing_analytical_reports_page.dart').
    final distribution = ref.watch(billingStatusDistributionProvider);
                                   ^^^^^^^^^^^^^^^^^^^^^^^^^^^^^^^^^
lib/features/backoffice/presentation/pages/billing_analytical_reports_page.dart:322:35:
Error: The getter 'tariffPerformanceProvider' isn't defined for the type 'BillingAnalyticalReportsPage'.
 - 'BillingAnalyticalReportsPage' is from 
'package:files/features/backoffice/presentation/pages/billing_analytical_reports_page.dart' 
('lib/features/backoffice/presentation/pages/billing_analytical_reports_page.dart').
    final performance = ref.watch(tariffPerformanceProvider);
                                  ^^^^^^^^^^^^^^^^^^^^^^^^^
lib/features/backoffice/presentation/pages/billing_analytical_reports_page.dart:703:82:
Error: Member not found: 'revenueAnalysisReport'.
                ref.read(backofficePageProvider.notifier).state = BackofficePage.revenueAnalysisReport;
                                                                                 ^^^^^^^^^^^^^^^^^^^^^
lib/features/backoffice/presentation/pages/billing_analytical_reports_page.dart:724:82:
Error: Member not found: 'revenueAnalysisReport'.
                ref.read(backofficePageProvider.notifier).state = BackofficePage.revenueAnalysisReport;
                                                                                 ^^^^^^^^^^^^^^^^^^^^^
lib/features/backoffice/presentation/pages/revenue_analysis_report_page.dart:409:36:
Error: Member not found: 'analyticalReports'.
                    BackofficePage.analyticalReports,
                                   ^^^^^^^^^^^^^^^^^
Error: Compilation failed.
  Command: C:\flutter\bin\cache\dart-sdk\bin\dart.exe compile js 
--platform-binaries=C:\flutter\bin\cache\flutter_web_sdk\kernel --invoker=flutter_tool -Ddart.vm.product=true 
-DFLUTTER_VERSION=3.44.0-0.3.pre -DFLUTTER_CHANNEL=beta -DFLUTTER_GIT_URL=https://github.com/flutter/flutter.git 
-DFLUTTER_FRAMEWORK_REVISION=22533d1211 -DFLUTTER_ENGINE_REVISION=73dc1ccd62 -DFLUTTER_DART_VERSION=3.12.0 (build 
3.12.0-327.4.beta) -DFLUTTER_WEB_USE_SKIA=true -DFLUTTER_WEB_USE_SKWASM=false 
-DFLUTTER_WEB_CANVASKIT_URL=https://www.gstatic.com/flutter-canvaskit/73dc1ccd62aec198da4aefde1dae20b1167b131d/ 
--native-null-assertions --no-source-maps -O4 --minify -o C:\Users\darko\OneDrive\Desktop\Antigravity 
Projects\RPECG_investigation_app\files\.dart_tool\flutter_build\0280f60c7aecca8ff592c2b920e475df\app.dill 
--packages=C:\Users\darko\OneDrive\Desktop\Antigravity 
Projects\RPECG_investigation_app\files\.dart_tool\package_config.json --cfe-only 
C:\Users\darko\OneDrive\Desktop\Antigravity 
Projects\RPECG_investigation_app\files\.dart_tool\flutter_build\0280f60c7aecca8ff592c2b920e475df\main.dart
#0      RunResult.throwException (package:flutter_tools/src/base/process.dart:153:5)
#1      _DefaultProcessUtils.run (package:flutter_tools/src/base/process.dart:379:19)
<asynchronous suspension>
#2      Dart2JSTarget.build (package:flutter_tools/src/build_system/targets/web.dart:208:5)
<asynchronous suspension>
#3      _BuildInstance._invokeInternal (package:flutter_tools/src/build_system/build_system.dart:937:9)
<asynchronous suspension>
Compiling lib\main.dart for the Web...                            164.7s
#4      Future.wait.<anonymous closure> (dart:async/future.dart:546:21)
<asynchronous suspension>
#5      _BuildInstance.invokeTarget (package:flutter_tools/src/build_system/build_system.dart:875:32)
<asynchronous suspension>
#6      Future.wait.<anonymous closure> (dart:async/future.dart:546:21)
<asynchronous suspension>
#7      _BuildInstance.invokeTarget (package:flutter_tools/src/build_system/build_system.dart:875:32)
<asynchronous suspension>
#8      FlutterBuildSystem.build (package:flutter_tools/src/build_system/build_system.dart:684:16)
<asynchronous suspension>
#9      WebBuilder.buildWeb (package:flutter_tools/src/web/compile.dart:107:34)
<asynchronous suspension>
#10     BuildWebCommand.runCommand (package:flutter_tools/src/commands/build_web.dart:293:5)
<asynchronous suspension>
#11     FlutterCommand.run.<anonymous closure> (package:flutter_tools/src/runner/flutter_command.dart:1630:27)
<asynchronous suspension>
#12     AppContext.run.<anonymous closure> (package:flutter_tools/src/base/context.dart:154:19)
<asynchronous suspension>
#13     CommandRunner.runCommand (package:args/command_runner.dart:212:13)
<asynchronous suspension>
#14     FlutterCommandRunner.runCommand.<anonymous closure> 
(package:flutter_tools/src/runner/flutter_command_runner.dart:496:9)
<asynchronous suspension>
#15     AppContext.run.<anonymous closure> (package:flutter_tools/src/base/context.dart:154:19)
<asynchronous suspension>
#16     FlutterCommandRunner.runCommand (package:flutter_tools/src/runner/flutter_command_runner.dart:431:5)
<asynchronous suspension>
#17     FlutterCommandRunner.run.<anonymous closure> 
(package:flutter_tools/src/runner/flutter_command_runner.dart:307:33)
<asynchronous suspension>
#18     run.<anonymous closure>.<anonymous closure> (package:flutter_tools/runner.dart:104:11)
<asynchronous suspension>
#19     AppContext.run.<anonymous closure> (package:flutter_tools/src/base/context.dart:154:19)
<asynchronous suspension>
#20     main (package:flutter_tools/executable.dart:103:3)
<asynchronous suspension>

Error: Failed to compile application for the Web.
